📡 소켓 서버 실행 중 (포트 4002)
🎯 리더기 연결됨: ACS ACR122U PICC Interface
💳 카드를 기다리는 중...
[NFC 서버 emit payload] { id: '0488b612361e90', name: '방문객', message: '만나서 반가워요!' }
✅ 웹사이트와 소켓 연결됨 (클라이언트 ID: jQpg-yDPqDShyPj5AAAB)
[NFC 서버 emit payload] { id: '0488b612361e90', name: '방문객', message: '만나서 반가워요!' }
🔌 웹사이트와 소켓 연결 끊어짐 (클라이언트 ID: jQpg-yDPqDShyPj5AAAB)
✅ 웹사이트와 소켓 연결됨 (클라이언트 ID: KphYCZGkLLTIOCv3AAAE)
[NFC 서버 emit payload] { id: '0488b712361e90', name: '방문객', message: '만나서 반가워요!' }
🔌 웹사이트와 소켓 연결 끊어짐 (클라이언트 ID: KphYCZGkLLTIOCv3AAAE)
✅ 웹사이트와 소켓 연결됨 (클라이언트 ID: kDNuy3zUxlKOuYelAAAH)
🔌 웹사이트와 소켓 연결 끊어짐 (클라이언트 ID: kDNuy3zUxlKOuYelAAAH)
✅ 웹사이트와 소켓 연결됨 (클라이언트 ID: zz0vC7RtMv7WZQbMAAAJ)
🔌 웹사이트와 소켓 연결 끊어짐 (클라이언트 ID: zz0vC7RtMv7WZQbMAAAJ)
✅ 웹사이트와 소켓 연결됨 (클라이언트 ID: f46g3LGU4Gfyr-J9AAAL)
🔌 웹사이트와 소켓 연결 끊어짐 (클라이언트 ID: f46g3LGU4Gfyr-J9AAAL)
✅ 웹사이트와 소켓 연결됨 (클라이언트 ID: vaZXiulbGOa3DcCPAAAN)
🔌 웹사이트와 소켓 연결 끊어짐 (클라이언트 ID: vaZXiulbGOa3DcCPAAAN)
✅ 웹사이트와 소켓 연결됨 (클라이언트 ID: EBzhQpK_c2nEy5ySAAAP)
🔌 웹사이트와 소켓 연결 끊어짐 (클라이언트 ID: EBzhQpK_c2nEy5ySAAAP)
✅ 웹사이트와 소켓 연결됨 (클라이언트 ID: qGq9gFk3t4dKqinUAAAR)
🔌 웹사이트와 소켓 연결 끊어짐 (클라이언트 ID: qGq9gFk3t4dKqinUAAAR)
✅ 웹사이트와 소켓 연결됨 (클라이언트 ID: XU2irg287B3QJI5IAAAT)
🔌 웹사이트와 소켓 연결 끊어짐 (클라이언트 ID: XU2irg287B3QJI5IAAAT)
✅ 웹사이트와 소켓 연결됨 (클라이언트 ID: U1eGoGx8OzFeNwegAAAW)
🔌 웹사이트와 소켓 연결 끊어짐 (클라이언트 ID: U1eGoGx8OzFeNwegAAAW)
✅ 웹사이트와 소켓 연결됨 (클라이언트 ID: oR1fTesIQDLIU-OYAAAY)
🔌 웹사이트와 소켓 연결 끊어짐 (클라이언트 ID: oR1fTesIQDLIU-OYAAAY)
✅ 웹사이트와 소켓 연결됨 (클라이언트 ID: XEe_xwNznjXD75VCAAAa)
🔌 웹사이트와 소켓 연결 끊어짐 (클라이언트 ID: XEe_xwNznjXD75VCAAAa)
✅ 웹사이트와 소켓 연결됨 (클라이언트 ID: TzBm5yDWg11o2_2_AAAc)
🔌 웹사이트와 소켓 연결 끊어짐 (클라이언트 ID: TzBm5yDWg11o2_2_AAAc)
✅ 웹사이트와 소켓 연결됨 (클라이언트 ID: A7OsJRudZ0--S_YSAAAe)
🔌 웹사이트와 소켓 연결 끊어짐 (클라이언트 ID: A7OsJRudZ0--S_YSAAAe)
✅ 웹사이트와 소켓 연결됨 (클라이언트 ID: w03wgJPKcPG5NkEBAAAg)
